c = 26
c = 4
c = 10
c = 6
c = 14
c = 8
c = 28
c = 12
c = 4
c = 14
c = 6
c = 26
c = 6
c = 14
c = 26
c = 28
c = 20
c = 32
c = 26
c = 18
c = 10
c = 12
c = 4
c = 4
c = 22
c = 16
c = 16
c = 24
c = 8
c = 14
c = 8
c = 14
c = 18
c = 12
c = 6
c = 12
c = 14
c = 24
c = 8
c = 10
c = 16
c = 16
c = 18
c = 30
c = 8
c = 32
c = 12
c = 18
c = 14
c = 4
c = 18
c = 6
c = 20
c = 14
c = 18
c = 6
c = 28
c = 28
c = 18
c = 18
c = 26
c = 14
c = 30
c = 14
c = 16
c = 4
c = 26
c = 4
c = 24
c = 8
c = 6
c = 4
c = 6
c = 14
c = 8
c = 22
c = 4
c = 18
c = 14
c = 20
c = 18
c = 16
c = 12
c = 12
c = 20
c = 14
c = 14
c = 4
c = 30
c = 14
c = 18
c = 6
c = 4
c = 18
c = 18
c = 6
c = 8
c = 30
c = 18
c = 22
c = 26
c = 4
c = 10
c = 6
c = 14
c = 8
c = 28
c = 12
c = 4
c = 14
c = 6
c = 26
c = 6
c = 14
c = 26
c = 28
c = 20
c = 32
c = 26
c = 18
c = 10
c = 12
c = 4
c = 4
c = 22
c = 16
c = 16
c = 24
c = 8
c = 14
c = 8
c = 14
c = 18
c = 12
c = 6
c = 12
c = 14
c = 24
c = 8
c = 10
c = 16
c = 16
c = 18
c = 30
c = 8
c = 32
c = 12
c = 18
c = 14
c = 4
c = 18
c = 6
c = 20
c = 14
c = 18
c = 6
c = 28
c = 28
c = 18
c = 18
c = 26
c = 14
c = 30
c = 14
c = 16
c = 4
c = 26
c = 4
c = 24
c = 8
c = 6
c = 4
c = 6
c = 14
c = 8
c = 22
c = 4
c = 18
c = 14
c = 20
c = 18
c = 16
c = 12
c = 12
c = 20
c = 14
c = 14
c = 4
c = 30
c = 14
c = 18
c = 6
c = 4
c = 18
c = 18
c = 6
c = 8
c = 30
c = 18
c = 22
c = 26
c = 4
c = 10
c = 6
c = 14
c = 8
c = 28
c = 12
c = 4
c = 14
c = 6
c = 26
c = 6
c = 14
c = 26
c = 28
c = 20
c = 32
c = 26
c = 18
c = 10
c = 12
c = 4
c = 4
c = 22
c = 16
c = 16
c = 24
c = 8
c = 14
c = 8
c = 14
c = 18
c = 12
c = 6
c = 12
c = 14
c = 24
c = 8
c = 10
c = 16
c = 16
c = 18
c = 30
c = 8
c = 32
c = 12
c = 18
c = 14
c = 4
c = 18
c = 6
c = 20
c = 14
c = 18
c = 6
c = 28
c = 28
c = 18
c = 18
c = 26
c = 14
c = 30
c = 14
c = 16
c = 4
c = 26
c = 4
c = 24
c = 8
c = 6
c = 4
c = 6
c = 14
c = 8
c = 22
c = 4
c = 18
c = 14
c = 20
c = 18
c = 16
c = 12
c = 12
c = 20
c = 14
c = 14
c = 4
c = 30
c = 14
c = 18
c = 6
c = 4
c = 18
c = 18
c = 6
c = 8
c = 30
c = 18
c = 22
c = 26
c = 4
c = 10
c = 6
c = 14
c = 8
c = 28
c = 12
c = 4
c = 14
c = 6
c = 26
c = 6
c = 14
c = 26
c = 28
c = 20
c = 32
c = 26
c = 18
c = 10
c = 12
c = 4
c = 4
c = 22
c = 16
c = 16
c = 24
c = 8
c = 14
c = 8
c = 14
c = 18
c = 12
c = 6
c = 12
c = 14
c = 24
c = 8
c = 10
c = 16
c = 16
c = 18
c = 30
c = 8
c = 32
c = 12
c = 18
c = 14
c = 4
c = 18
c = 6
c = 20
c = 14
c = 18
c = 6
c = 28
c = 28
c = 18
c = 18
c = 26
c = 14
c = 30
c = 14
c = 16
c = 4
c = 26
c = 4
c = 24
c = 8
c = 6
c = 4
c = 6
c = 14
c = 8
c = 22
c = 4
c = 18
c = 14
c = 20
c = 18
c = 16
c = 12
c = 12
c = 20
c = 14
c = 14
c = 4
c = 30
c = 14
c = 18
c = 6
c = 4
c = 18
c = 18
c = 6
c = 8
c = 30
c = 18
c = 22
c = 26
c = 4
c = 10
c = 6
c = 14
c = 8
c = 28
c = 12
c = 4
c = 14
c = 6
c = 26
c = 6
c = 14
c = 26
c = 28
c = 20
c = 32
c = 26
c = 18
c = 10
c = 12
c = 4
c = 4
c = 22
c = 16
c = 16
c = 24
c = 8
c = 14
c = 8
c = 14
c = 18
c = 12
c = 6
c = 12
c = 14
c = 24
c = 8
c = 10
c = 16
c = 16
c = 18
c = 30
c = 8
c = 32
c = 12
c = 18
c = 14
c = 4
c = 18
c = 6
c = 20
c = 14
c = 18
c = 6
c = 28
c = 28
c = 18
c = 18
c = 26
c = 14
c = 30
c = 14
c = 16
c = 4
c = 26
c = 4
c = 24
c = 8
c = 6
c = 4
c = 6
c = 14
c = 8
c = 22
c = 4
c = 18
c = 14
c = 20
c = 18
c = 16
c = 12
c = 12
c = 20
c = 14
c = 14
c = 4
c = 30
c = 14
c = 18
c = 6
c = 4
c = 18
c = 18
c = 6
c = 8
c = 30
c = 18
c = 22
c = 26
c = 4
c = 10
c = 6
c = 14
c = 8
c = 28
c = 12
c = 4
c = 14
c = 6
c = 26
c = 6
c = 14
c = 26
c = 28
c = 20
c = 32
c = 26
c = 18
c = 10
c = 12
c = 4
c = 4
c = 22
c = 16
c = 16
c = 24
c = 8
c = 14
c = 8
c = 14
c = 18
c = 12
c = 6
c = 12
c = 14
c = 24
c = 8
c = 10
c = 16
c = 16
c = 18
c = 30
c = 8
c = 32
c = 12
c = 18
c = 14
c = 4
c = 18
c = 6
c = 20
c = 14
c = 18
c = 6
c = 28
c = 28
c = 18
c = 18
c = 26
c = 14
c = 30
c = 14
c = 16
c = 4
c = 26
c = 4
c = 24
c = 8
c = 6
c = 4
c = 6
c = 14
c = 8
c = 22
c = 4
c = 18
c = 14
c = 20
c = 18
c = 16
c = 12
c = 12
c = 20
c = 14
c = 14
c = 4
c = 30
c = 14
c = 18
c = 6
c = 4
c = 18
c = 18
c = 6
c = 8
c = 30
c = 18
c = 22
c = 26
c = 4
c = 10
c = 6
c = 14
c = 8
c = 28
c = 12
c = 4
c = 14
c = 6
c = 26
c = 6
c = 14
c = 26
c = 28
c = 20
c = 32
c = 26
c = 18
c = 10
c = 12
c = 4
c = 4
c = 22
c = 16
c = 16
c = 24
c = 8
c = 14
c = 8
c = 14
c = 18
c = 12
c = 6
c = 12
c = 14
c = 24
c = 8
c = 10
c = 16
c = 16
c = 18
c = 30
c = 8
c = 32
c = 12
c = 18
c = 14
c = 4
c = 18
c = 6
c = 20
c = 14
c = 18
c = 6
c = 28
c = 28
c = 18
c = 18
c = 26
c = 14
c = 30
c = 14
c = 16
c = 4
c = 26
c = 4
c = 24
c = 8
c = 6
c = 4
c = 6
c = 14
c = 8
c = 22
c = 4
c = 18
c = 14
c = 20
c = 18
c = 16
c = 12
c = 12
c = 20
c = 14
c = 14
c = 4
c = 30
c = 14
c = 18
c = 6
c = 4
c = 18
c = 18
c = 6
c = 8
c = 30
c = 18
c = 22
c = 26
c = 4
c = 10
c = 6
c = 14
c = 8
c = 28
c = 12
c = 4
c = 14
c = 6
c = 26
c = 6
c = 14
c = 26
c = 28
c = 20
c = 32
c = 26
c = 18
c = 10
c = 12
c = 4
c = 4
c = 22
c = 16
c = 16
c = 24
c = 8
c = 14
c = 8
c = 14
c = 18
c = 12
c = 6
c = 12
c = 14
c = 24
c = 8
c = 10
c = 16
c = 16
c = 18
c = 30
c = 8
c = 32
c = 12
c = 18
c = 14
c = 4
c = 18
c = 6
c = 20
c = 14
c = 18
c = 6
c = 28
c = 28
c = 18
c = 18
c = 26
c = 14
c = 30
c = 14
c = 16
c = 4
c = 26
c = 4
c = 24
c = 8
c = 6
c = 4
c = 6
c = 14
c = 8
c = 22
c = 4
c = 18
c = 14
c = 20
c = 18
c = 16
c = 12
c = 12
c = 20
c = 14
c = 14
c = 4
c = 30
c = 14
c = 18
c = 6
c = 4
c = 18
c = 18
c = 6
c = 8
c = 30
c = 18
c = 22
c = 26
c = 4
c = 10
c = 6
c = 14
c = 8
c = 28
c = 12
c = 4
c = 14
c = 6
c = 26
c = 6
c = 14
c = 26
c = 28
c = 20
c = 32
c = 26
c = 18
c = 10
c = 12
c = 4
c = 4
c = 22
c = 16
c = 16
c = 24
c = 8
c = 14
c = 8
c = 14
c = 18
c = 12
c = 6
c = 12
c = 14
c = 24
c = 8
c = 10
c = 16
c = 16
c = 18
c = 30
c = 8
c = 32
c = 12
c = 18
c = 14
c = 4
c = 18
c = 6
c = 20
c = 14
c = 18
c = 6
c = 28
c = 28
c = 18
c = 18
c = 26
c = 14
c = 30
c = 14
c = 16
c = 4
c = 26
c = 4
c = 24
c = 8
c = 6
c = 4
c = 6
c = 14
c = 8
c = 22
c = 4
c = 18
c = 14
c = 20
c = 18
c = 16
c = 12
c = 12
c = 20
c = 14
c = 14
c = 4
c = 30
c = 14
c = 18
c = 6
c = 4
c = 18
c = 18
c = 6
c = 8
c = 30
c = 18
c = 22
c = 26
c = 4
c = 10
c = 6
c = 14
c = 8
c = 28
c = 12
c = 4
c = 14
c = 6
c = 26
c = 6
c = 14
c = 26
c = 28
c = 20
c = 32
c = 26
c = 18
c = 10
c = 12
c = 4
c = 4
c = 22
c = 16
c = 16
c = 24
c = 8
c = 14
c = 8
c = 14
c = 18
c = 12
c = 6
c = 12
c = 14
c = 24
c = 8
c = 10
c = 16
c = 16
c = 18
c = 30
c = 8
c = 32
c = 12
c = 18
c = 14
c = 4
c = 18
c = 6
c = 20
c = 14
c = 18
c = 6
c = 28
c = 28
c = 18
c = 18
c = 26
c = 14
c = 30
c = 14
c = 16
c = 4
c = 26
c = 4
c = 24
c = 8
c = 6
c = 4
c = 6
c = 14
c = 8
c = 22
c = 4
c = 18
c = 14
c = 20
c = 18
c = 16
c = 12
c = 12
c = 20
c = 14
c = 14
c = 4
c = 30
c = 14
c = 18
c = 6
c = 4
c = 18
c = 18
c = 6
c = 8
c = 30
c = 18
c = 22
c = 26
c = 4
c = 10
c = 6
c = 14
c = 8
c = 28
c = 12
c = 4
c = 14
c = 6
c = 26
c = 6
c = 14
c = 26
c = 28
c = 20
c = 32
c = 26
c = 18
c = 10
c = 12
c = 4
c = 4
c = 22
c = 16
c = 16
c = 24
c = 8
c = 14
c = 8
c = 14
c = 18
c = 12
c = 6
c = 12
c = 14
c = 24
c = 8
c = 10
c = 16
c = 16
c = 18
c = 30
c = 8
c = 32
c = 12
c = 18
c = 14
c = 4
c = 18
c = 6
c = 20
c = 14
c = 18
c = 6
c = 28
c = 28
c = 18
c = 18
c = 26
c = 14
c = 30
c = 14
c = 16
c = 4
c = 26
c = 4
c = 24
c = 8
c = 6
c = 4
c = 6
c = 14
c = 8
c = 22
c = 4
c = 18
c = 14
c = 20
c = 18
c = 16
c = 12
c = 12
c = 20
c = 14
c = 14
c = 4
c = 30
c = 14
c = 18
c = 6
c = 4
c = 18
c = 18
c = 6
c = 8
c = 30
c = 18
c = 22
c = 26
c = 4
c = 10
c = 6
c = 14
c = 8
c = 28
c = 12
c = 4
c = 14
c = 6
c = 26
c = 6
c = 14
c = 26
c = 28
c = 20
c = 32
c = 26
c = 18
c = 10
c = 12
c = 4
c = 4
c = 22
c = 16
c = 16
c = 24
c = 8
c = 14
c = 8
c = 14
c = 18
c = 12
c = 6
c = 12
c = 14
c = 24
c = 8
c = 10
c = 16
c = 16
c = 18
c = 30
c = 8
c = 32
c = 12
c = 18
c = 14
c = 4
c = 18
c = 6
c = 20
c = 14
c = 18
c = 6
c = 28
c = 28
c = 18
c = 18
c = 26
c = 14
c = 30
c = 14
c = 16
c = 4
c = 26
c = 4
c = 24
c = 8
c = 6
c = 4
c = 6
c = 14
c = 8
c = 22
c = 4
c = 18
c = 14
c = 20
c = 18
c = 16
c = 12
c = 12
c = 20
c = 14
c = 14
c = 4
c = 30
c = 14
c = 18
c = 6
c = 4
c = 18
c = 18
c = 6
c = 8
c = 30
c = 18
c = 22
c = 26
c = 4
c = 10
c = 6
c = 14
c = 8
c = 28
c = 12
c = 4
c = 14
c = 6
c = 26
c = 6
c = 14
c = 26
c = 28
c = 20
c = 32
c = 26
c = 18
c = 10
c = 12
c = 4
c = 4
c = 22
c = 16
c = 16
c = 24
c = 8
c = 14
c = 8
c = 14
c = 18
c = 12
c = 6
c = 12
c = 14
c = 24
c = 8
c = 10
c = 16
c = 16
c = 18
c = 30
c = 8
c = 32
c = 12
c = 18
c = 14
c = 4
c = 18
c = 6
c = 20
c = 14
c = 18
c = 6
c = 28
c = 28
c = 18
c = 18
c = 26
c = 14
c = 30
c = 14
c = 16
c = 4
c = 26
c = 4
c = 24
c = 8
c = 6
c = 4
c = 6
c = 14
c = 8
c = 22
c = 4
c = 18
c = 14
c = 20
c = 18
c = 16
c = 12
c = 12
c = 20
c = 14
c = 14
c = 4
c = 30
c = 14
c = 18
c = 6
c = 4
c = 18
c = 18
c = 6
c = 8
c = 30
c = 18
c = 22
c = 26
c = 4
c = 10
c = 6
c = 14
c = 8
c = 28
c = 12
c = 4
c = 14
c = 6
c = 26
c = 6
c = 14
c = 26
c = 28
c = 20
c = 32
c = 26
c = 18
c = 10
c = 12
c = 4
c = 4
c = 22
c = 16
c = 16
c = 24
c = 8
c = 14
c = 8
c = 14
c = 18
c = 12
c = 6
c = 12
c = 14
c = 24
c = 8
c = 10
c = 16
c = 16
c = 18
c = 30
c = 8
c = 32
c = 12
c = 18
c = 14
c = 4
c = 18
c = 6
c = 20
c = 14
c = 18
c = 6
c = 28
c = 28
c = 18
c = 18
c = 26
c = 14
c = 30
c = 14
c = 16
c = 4
c = 26
c = 4
c = 24
c = 8
c = 6
c = 4
c = 6
c = 14
c = 8
c = 22
c = 4
c = 18
c = 14
c = 20
c = 18
c = 16
c = 12
c = 12
c = 20
c = 14
c = 14
c = 4
c = 30
c = 14
c = 18
c = 6
c = 4
c = 18
c = 18
c = 6
c = 8
c = 30
c = 18
c = 22
