c = 4
c = 1
c = 4
c = 2
c = 6
c = 3
c = 5
c = 5
c = 1
c = 3
c = 2
c = 4
c = 2
c = 6
c = 4
c = 6
c = 2
c = 7
c = 6
c = 8
c = 4
c = 5
c = 1
c = 1
c = 2
c = 3
c = 7
c = 3
c = 1
c = 6
c = 3
c = 6
c = 2
c = 5
c = 2
c = 5
c = 1
c = 5
c = 3
c = 4
c = 7
c = 2
c = 1
c = 6
c = 3
c = 7
c = 5
c = 1
c = 2
c = 1
c = 8
c = 2
c = 9
c = 3
c = 8
c = 2
c = 6
c = 6
c = 4
c = 2
c = 6
c = 2
c = 6
c = 2
c = 7
c = 1
c = 6
c = 1
c = 5
c = 3
c = 2
c = 1
c = 2
c = 3
c = 3
c = 4
c = 1
c = 8
c = 3
c = 9
c = 8
c = 3
c = 5
c = 1
c = 4
c = 1
c = 2
c = 1
c = 7
c = 6
c = 3
c = 2
c = 1
c = 3
c = 4
c = 2
c = 3
c = 6
c = 8
c = 4
